>>> add_integer = __import__('0-add_integer').add_integer

# Test normal integer addition
>>> add_integer(1, 2)
3
>>> add_integer(100, -2)
98

# Test float casting to int
>>> add_integer(2.5, 3.7)
5
>>> add_integer(100.3, -2.9)
98

# Test default argument (b=98)
>>> add_integer(5)
103

# Test TypeError for invalid types
>>> add_integer(4, "School")
Traceback (most recent call last):
    ...
TypeError: b must be an integer
>>> add_integer(None)
Traceback (most recent call last):
    ...
TypeError: a must be an integer

# Test edge cases (large numbers, negative floats)
>>> add_integer(999999999999999999, 1)
1000000000000000000
>>> add_integer(-10.5, -20.5)
-30

# Test float NaN (Not a Number) - Should raise TypeError
>>> add_integer(float('nan'), 5)
Traceback (most recent call last):
    ...
TypeError: a must be an integer
